.next/dev/types/validator.ts(96,39): error TS2306: File 'H:/NCKH/JobConnect_webApp/frontend/app/(root)/profile/settings/page.tsx' is not a module.
.next/dev/types/validator.ts(105,39): error TS2306: File 'H:/NCKH/JobConnect_webApp/frontend/app/auth/forgot-password/page.tsx' is not a module.
